<html>
<body>
<pre>
<h1>µVision Build Log</h1>
<h2>Tool Versions:</h2>
IDE-Version: ¦ÌVision V5.38.0.0
Copyright (C) 2022 ARM Ltd and ARM Germany GmbH. All rights reserved.
License Information: 1 qiu, 1, LIC=JL28G-V89FM-MML9I-TXR8R-9LM29-P5CGD
 
Tool Versions:
Toolchain:       MDK-ARM Plus  Version: 5.38.0.0
Toolchain Path:  E:\dianzi\MDKv5\ARM\ARMCLANG\Bin
C Compiler:      ArmClang.exe V6.19
Assembler:       Armasm.exe V6.19
Linker/Locator:  ArmLink.exe V6.19
Library Manager: ArmAr.exe V6.19
Hex Converter:   FromElf.exe V6.19
CPU DLL:         SARMCM3.DLL V5.38.0.0
Dialog DLL:      DARMCM1.DLL V1.19.6.0
Target DLL:      UL2CM3.DLL V1.164.8.0
Dialog DLL:      TARMCM1.DLL V1.14.6.0
 
<h2>Project:</h2>
E:\StudyNote\study_L1306\2.code\4.exti\Project\empty.uvprojx
Project File Date:  04/16/2025

<h2>Output:</h2>
*** Using Compiler 'V6.19', folder: 'E:\dianzi\MDKv5\ARM\ARMCLANG\Bin'
Build target 'empty'
compiling dl_dac12.c...
compiling dl_crcp.c...
compiling dl_aesadv.c...
compiling dl_adc12.c...
compiling dl_lcd.c...
compiling dl_mathacl.c...
compiling dl_lfss.c...
compiling dl_keystorectl.c...
compiling dl_aes.c...
compiling dl_common.c...
compiling dl_dma.c...
compiling dl_crc.c...
compiling dl_mcan.c...
compiling dl_i2c.c...
compiling dl_opa.c...
compiling dl_rtc_common.c...
compiling dl_flashctl.c...
compiling dl_trng.c...
compiling dl_spi.c...
compiling dl_vref.c...
assembling startup_mspm0l130x_uvision.s...
compiling dl_timer.c...
compiling dl_uart.c...
compiling LED.c...
compiling ti_msp_dl_config.c...
compiling KEY.c...
compiling main.c...
compiling SYSTICK.c...
linking...
Program Size: Code=528 RO-data=208 RW-data=0 ZI-data=360  
FromELF: creating hex file...
"..\Output\empty.axf" - 0 Error(s), 0 Warning(s).

<h2>Software Packages used:</h2>

Package Vendor: TexasInstruments
                https://software-dl.ti.com/msp430/esd/MSPM0-CMSIS/MSPM0L11XX_L13XX/latest/exports/TexasInstruments.MSPM0L11XX_L13XX_DFP.1.3.0.pack
                TexasInstruments.MSPM0L11XX_L13XX_DFP.1.3.0
                Device Family Pack for Texas Instruments MSPM0L11XX_L13XX Series

<h2>Collection of Component include folders:</h2>

<h2>Collection of Component Files used:</h2>
Build Time Elapsed:  00:00:01
</pre>
</body>
</html>
